// Jest Snapshot v1, https://goo.gl/fbAQLP

exports[`Pruebas en GifGrid debe de mostrar <GifGrid/> 1`] = `
<Fragment>
  <h3
    className="animate__animated animate__flash animate__delay-1s "
  >
    evangelion
  </h3>
  <p
    className="animate__animated animate__flash "
  >
    Loading
  </p>
  <div
    className="card-grid"
  />
</Fragment>
`;
