// Jest Snapshot v1, https://goo.gl/fbAQLP

exports[`Pruebas en GifGridItem debe de mostrar <GifGridItem/> 1`] = `
<div
  className="card animate__animated animate__fadeIn animate__delay-1s "
>
  <img
    alt="title"
    src="https://localhost/algo.jpg"
  />
  <p>
    title
  </p>
</div>
`;
